// Jest Snapshot v1, https://goo.gl/fbAQLP

exports[`#transform should format nonGermanSuspects 1`] = `"10 (10%)"`;
