// Jest Snapshot v1, https://goo.gl/fbAQLP

exports[`#transform maps commonOffences to { name: string; value: number }[] 1`] = `
Array [
  Object {
    "name": "Offence name",
    "value": 281,
  },
]
`;
